// Jest Snapshot v1, https://goo.gl/fbAQLP

exports[`should render AddExpensePage correctly 1`] = `
<Fragment>
  <h2>
    Add Expense Component
  </h2>
  <ExpenseForm
    onSubmit={[Function]}
  />
</Fragment>
`;
