// Jest Snapshot v1, https://goo.gl/fbAQLP

exports[`should render ExpenseListItem component with item 1`] = `
<div>
  <h3>
    <Link
      replace={false}
      to="/edit/1"
    >
      Gum
    </Link>
  </h3>
  <p>
    Amount: 
    $1.95
  </p>
  <p>
    Created: 
    December 31st, 1969
  </p>
</div>
`;
