// Jest Snapshot v1, https://goo.gl/fbAQLP

exports[`should render Login Page correctly 1`] = `
<Fragment>
  <div
    className="box-layout"
  >
    <div
      className="box-layout__box"
    >
      <h1
        className="box-layout__title"
      >
        Expensify
      </h1>
      <p>
        It's time to get your expenses under control
      </p>
      <button
        className="button button__login"
      >
        Login with Google
      </button>
    </div>
  </div>
</Fragment>
`;
