// Jest Snapshot v1, https://goo.gl/fbAQLP

exports[`should render NotFoundPage correctly 1`] = `
<Fragment>
  404! -- 
  <Link
    replace={false}
    to="/"
  >
    Go back to Home
  </Link>
</Fragment>
`;
